
> wilms@1.8.0 test:e2e
> npm run test:e2e -w @wilms/frontend --project=chromium apps/frontend/e2e/accessibility.spec.ts

npm warn Unknown cli config "--project". This will stop working in the next major version of npm.

> @wilms/frontend@1.8.0 test:e2e
> playwright test apps/frontend/e2e/accessibility.spec.ts

[WebServer] npm warn Unknown env config "project". This will stop working in the next major version of npm. See `npm help npmrc` for supported config options.
[WebServer] request to https://fonts.gstatic.com/s/sourceserif4/v14/vEFF2_tTDB4M7-auWDN0ahZJW3IX2ih5nk3AucvUHf6kAnr4Y3qwzSEi.woff2 failed, reason: read ECONNRESET
[WebServer] 
[WebServer] Retrying 1/3...
[WebServer] The user aborted a request.
[WebServer] 
[WebServer] Retrying 1/3...
[WebServer] The user aborted a request.
[WebServer] 
[WebServer] Retrying 1/3...

Running 18 tests using 1 worker

(node:23584) Warning: The 'NO_COLOR' env is ignored due to the 'FORCE_COLOR' env being set.
(Use `node --trace-warnings ...` to show where the warning was created)
(node:23584) Warning: The 'NO_COLOR' env is ignored due to the 'FORCE_COLOR' env being set.
(Use `node --trace-warnings ...` to show where the warning was created)
  x  1 [desktop] › accessibility.spec.ts:25:7 › WCAG 2.1 AA accessibility audit › login page passes axe scan (14ms)
(node:5052) Warning: The 'NO_COLOR' env is ignored due to the 'FORCE_COLOR' env being set.
(Use `node --trace-warnings ...` to show where the warning was created)
(node:5052) Warning: The 'NO_COLOR' env is ignored due to the 'FORCE_COLOR' env being set.
(Use `node --trace-warnings ...` to show where the warning was created)
  x  2 [desktop] › accessibility.spec.ts:30:7 › WCAG 2.1 AA accessibility audit › collector dashboard passes axe scan (15ms)
(node:8552) Warning: The 'NO_COLOR' env is ignored due to the 'FORCE_COLOR' env being set.
(Use `node --trace-warnings ...` to show where the warning was created)
(node:8552) Warning: The 'NO_COLOR' env is ignored due to the 'FORCE_COLOR' env being set.
(Use `node --trace-warnings ...` to show where the warning was created)
  x  3 [desktop] › accessibility.spec.ts:38:7 › WCAG 2.1 AA accessibility audit › approver pending queue passes axe scan (7ms)
(node:17168) Warning: The 'NO_COLOR' env is ignored due to the 'FORCE_COLOR' env being set.
(Use `node --trace-warnings ...` to show where the warning was created)
(node:17168) Warning: The 'NO_COLOR' env is ignored due to the 'FORCE_COLOR' env being set.
(Use `node --trace-warnings ...` to show where the warning was created)
  x  4 [desktop] › accessibility.spec.ts:44:7 › WCAG 2.1 AA accessibility audit › super admin dashboard passes axe scan (9ms)
(node:16132) Warning: The 'NO_COLOR' env is ignored due to the 'FORCE_COLOR' env being set.
(Use `node --trace-warnings ...` to show where the warning was created)
(node:16132) Warning: The 'NO_COLOR' env is ignored due to the 'FORCE_COLOR' env being set.
(Use `node --trace-warnings ...` to show where the warning was created)
  x  5 [desktop] › accessibility.spec.ts:50:7 › WCAG 2.1 AA accessibility audit › super admin collectors page passes axe scan (7ms)
(node:2696) Warning: The 'NO_COLOR' env is ignored due to the 'FORCE_COLOR' env being set.
(Use `node --trace-warnings ...` to show where the warning was created)
(node:2696) Warning: The 'NO_COLOR' env is ignored due to the 'FORCE_COLOR' env being set.
(Use `node --trace-warnings ...` to show where the warning was created)
  x  6 [desktop] › accessibility.spec.ts:57:7 › WCAG 2.1 AA accessibility audit › super admin groups page passes axe scan (16ms)
(node:22908) Warning: The 'NO_COLOR' env is ignored due to the 'FORCE_COLOR' env being set.
(Use `node --trace-warnings ...` to show where the warning was created)
(node:22908) Warning: The 'NO_COLOR' env is ignored due to the 'FORCE_COLOR' env being set.
(Use `node --trace-warnings ...` to show where the warning was created)
  x  7 [desktop] › accessibility.spec.ts:64:7 › WCAG 2.1 AA accessibility audit › super admin loan pools page passes axe scan (9ms)
(node:23200) Warning: The 'NO_COLOR' env is ignored due to the 'FORCE_COLOR' env being set.
(Use `node --trace-warnings ...` to show where the warning was created)
(node:23200) Warning: The 'NO_COLOR' env is ignored due to the 'FORCE_COLOR' env being set.
(Use `node --trace-warnings ...` to show where the warning was created)
  x  8 [desktop] › accessibility.spec.ts:71:7 › WCAG 2.1 AA accessibility audit › super admin risk flags page passes axe scan (6ms)
(node:17192) Warning: The 'NO_COLOR' env is ignored due to the 'FORCE_COLOR' env being set.
(Use `node --trace-warnings ...` to show where the warning was created)
(node:17192) Warning: The 'NO_COLOR' env is ignored due to the 'FORCE_COLOR' env being set.
(Use `node --trace-warnings ...` to show where the warning was created)
  x  9 [desktop] › accessibility.spec.ts:78:7 › WCAG 2.1 AA accessibility audit › super admin settings page passes axe scan (5ms)
(node:13576) Warning: The 'NO_COLOR' env is ignored due to the 'FORCE_COLOR' env being set.
(Use `node --trace-warnings ...` to show where the warning was created)
(node:13576) Warning: The 'NO_COLOR' env is ignored due to the 'FORCE_COLOR' env being set.
(Use `node --trace-warnings ...` to show where the warning was created)
  x  10 [mobile] › accessibility.spec.ts:25:7 › WCAG 2.1 AA accessibility audit › login page passes axe scan (5ms)
(node:23728) Warning: The 'NO_COLOR' env is ignored due to the 'FORCE_COLOR' env being set.
(Use `node --trace-warnings ...` to show where the warning was created)
(node:23728) Warning: The 'NO_COLOR' env is ignored due to the 'FORCE_COLOR' env being set.
(Use `node --trace-warnings ...` to show where the warning was created)
  x  11 [mobile] › accessibility.spec.ts:30:7 › WCAG 2.1 AA accessibility audit › collector dashboard passes axe scan (9ms)
(node:9300) Warning: The 'NO_COLOR' env is ignored due to the 'FORCE_COLOR' env being set.
(Use `node --trace-warnings ...` to show where the warning was created)
(node:9300) Warning: The 'NO_COLOR' env is ignored due to the 'FORCE_COLOR' env being set.
(Use `node --trace-warnings ...` to show where the warning was created)
  x  12 [mobile] › accessibility.spec.ts:38:7 › WCAG 2.1 AA accessibility audit › approver pending queue passes axe scan (15ms)
(node:23104) Warning: The 'NO_COLOR' env is ignored due to the 'FORCE_COLOR' env being set.
(Use `node --trace-warnings ...` to show where the warning was created)
(node:23104) Warning: The 'NO_COLOR' env is ignored due to the 'FORCE_COLOR' env being set.
(Use `node --trace-warnings ...` to show where the warning was created)
  x  13 [mobile] › accessibility.spec.ts:44:7 › WCAG 2.1 AA accessibility audit › super admin dashboard passes axe scan (10ms)
(node:13908) Warning: The 'NO_COLOR' env is ignored due to the 'FORCE_COLOR' env being set.
(Use `node --trace-warnings ...` to show where the warning was created)
(node:13908) Warning: The 'NO_COLOR' env is ignored due to the 'FORCE_COLOR' env being set.
(Use `node --trace-warnings ...` to show where the warning was created)
  x  14 [mobile] › accessibility.spec.ts:50:7 › WCAG 2.1 AA accessibility audit › super admin collectors page passes axe scan (9ms)
(node:14708) Warning: The 'NO_COLOR' env is ignored due to the 'FORCE_COLOR' env being set.
(Use `node --trace-warnings ...` to show where the warning was created)
(node:14708) Warning: The 'NO_COLOR' env is ignored due to the 'FORCE_COLOR' env being set.
(Use `node --trace-warnings ...` to show where the warning was created)
  x  15 [mobile] › accessibility.spec.ts:57:7 › WCAG 2.1 AA accessibility audit › super admin groups page passes axe scan (5ms)
(node:10280) Warning: The 'NO_COLOR' env is ignored due to the 'FORCE_COLOR' env being set.
(Use `node --trace-warnings ...` to show where the warning was created)
(node:10280) Warning: The 'NO_COLOR' env is ignored due to the 'FORCE_COLOR' env being set.
(Use `node --trace-warnings ...` to show where the warning was created)
  x  16 [mobile] › accessibility.spec.ts:64:7 › WCAG 2.1 AA accessibility audit › super admin loan pools page passes axe scan (6ms)
(node:16676) Warning: The 'NO_COLOR' env is ignored due to the 'FORCE_COLOR' env being set.
(Use `node --trace-warnings ...` to show where the warning was created)
(node:16676) Warning: The 'NO_COLOR' env is ignored due to the 'FORCE_COLOR' env being set.
(Use `node --trace-warnings ...` to show where the warning was created)
  x  17 [mobile] › accessibility.spec.ts:71:7 › WCAG 2.1 AA accessibility audit › super admin risk flags page passes axe scan (7ms)
(node:12312) Warning: The 'NO_COLOR' env is ignored due to the 'FORCE_COLOR' env being set.
(Use `node --trace-warnings ...` to show where the warning was created)
(node:12312) Warning: The 'NO_COLOR' env is ignored due to the 'FORCE_COLOR' env being set.
(Use `node --trace-warnings ...` to show where the warning was created)
  x  18 [mobile] › accessibility.spec.ts:78:7 › WCAG 2.1 AA accessibility audit › super admin settings page passes axe scan (10ms)


  1) [desktop] › accessibility.spec.ts:25:7 › WCAG 2.1 AA accessibility audit › login page passes axe scan 

    Error: browserType.launch: Executable doesn't exist at C:\Users\eddie\AppData\Local\ms-playwright\chromium-1140\chrome-win\chrome.exe
    ╔═════════════════════════════════════════════════════════════════════════╗
    ║ Looks like Playwright Test or Playwright was just installed or updated. ║
    ║ Please run the following command to download new browsers:              ║
    ║                                                                         ║
    ║     npx playwright install                                              ║
    ║                                                                         ║
    ║ <3 Playwright Team                                                      ║
    ╚═════════════════════════════════════════════════════════════════════════╝

  2) [desktop] › accessibility.spec.ts:30:7 › WCAG 2.1 AA accessibility audit › collector dashboard passes axe scan 

    Error: browserType.launch: Executable doesn't exist at C:\Users\eddie\AppData\Local\ms-playwright\chromium-1140\chrome-win\chrome.exe
    ╔═════════════════════════════════════════════════════════════════════════╗
    ║ Looks like Playwright Test or Playwright was just installed or updated. ║
    ║ Please run the following command to download new browsers:              ║
    ║                                                                         ║
    ║     npx playwright install                                              ║
    ║                                                                         ║
    ║ <3 Playwright Team                                                      ║
    ╚═════════════════════════════════════════════════════════════════════════╝

  3) [desktop] › accessibility.spec.ts:38:7 › WCAG 2.1 AA accessibility audit › approver pending queue passes axe scan 

    Error: browserType.launch: Executable doesn't exist at C:\Users\eddie\AppData\Local\ms-playwright\chromium-1140\chrome-win\chrome.exe
    ╔═════════════════════════════════════════════════════════════════════════╗
    ║ Looks like Playwright Test or Playwright was just installed or updated. ║
    ║ Please run the following command to download new browsers:              ║
    ║                                                                         ║
    ║     npx playwright install                                              ║
    ║                                                                         ║
    ║ <3 Playwright Team                                                      ║
    ╚═════════════════════════════════════════════════════════════════════════╝

  4) [desktop] › accessibility.spec.ts:44:7 › WCAG 2.1 AA accessibility audit › super admin dashboard passes axe scan 

    Error: browserType.launch: Executable doesn't exist at C:\Users\eddie\AppData\Local\ms-playwright\chromium-1140\chrome-win\chrome.exe
    ╔═════════════════════════════════════════════════════════════════════════╗
    ║ Looks like Playwright Test or Playwright was just installed or updated. ║
    ║ Please run the following command to download new browsers:              ║
    ║                                                                         ║
    ║     npx playwright install                                              ║
    ║                                                                         ║
    ║ <3 Playwright Team                                                      ║
    ╚═════════════════════════════════════════════════════════════════════════╝

  5) [desktop] › accessibility.spec.ts:50:7 › WCAG 2.1 AA accessibility audit › super admin collectors page passes axe scan 

    Error: browserType.launch: Executable doesn't exist at C:\Users\eddie\AppData\Local\ms-playwright\chromium-1140\chrome-win\chrome.exe
    ╔═════════════════════════════════════════════════════════════════════════╗
    ║ Looks like Playwright Test or Playwright was just installed or updated. ║
    ║ Please run the following command to download new browsers:              ║
    ║                                                                         ║
    ║     npx playwright install                                              ║
    ║                                                                         ║
    ║ <3 Playwright Team                                                      ║
    ╚═════════════════════════════════════════════════════════════════════════╝

  6) [desktop] › accessibility.spec.ts:57:7 › WCAG 2.1 AA accessibility audit › super admin groups page passes axe scan 

    Error: browserType.launch: Executable doesn't exist at C:\Users\eddie\AppData\Local\ms-playwright\chromium-1140\chrome-win\chrome.exe
    ╔═════════════════════════════════════════════════════════════════════════╗
    ║ Looks like Playwright Test or Playwright was just installed or updated. ║
    ║ Please run the following command to download new browsers:              ║
    ║                                                                         ║
    ║     npx playwright install                                              ║
    ║                                                                         ║
    ║ <3 Playwright Team                                                      ║
    ╚═════════════════════════════════════════════════════════════════════════╝

  7) [desktop] › accessibility.spec.ts:64:7 › WCAG 2.1 AA accessibility audit › super admin loan pools page passes axe scan 

    Error: browserType.launch: Executable doesn't exist at C:\Users\eddie\AppData\Local\ms-playwright\chromium-1140\chrome-win\chrome.exe
    ╔═════════════════════════════════════════════════════════════════════════╗
    ║ Looks like Playwright Test or Playwright was just installed or updated. ║
    ║ Please run the following command to download new browsers:              ║
    ║                                                                         ║
    ║     npx playwright install                                              ║
    ║                                                                         ║
    ║ <3 Playwright Team                                                      ║
    ╚═════════════════════════════════════════════════════════════════════════╝

  8) [desktop] › accessibility.spec.ts:71:7 › WCAG 2.1 AA accessibility audit › super admin risk flags page passes axe scan 

    Error: browserType.launch: Executable doesn't exist at C:\Users\eddie\AppData\Local\ms-playwright\chromium-1140\chrome-win\chrome.exe
    ╔═════════════════════════════════════════════════════════════════════════╗
    ║ Looks like Playwright Test or Playwright was just installed or updated. ║
    ║ Please run the following command to download new browsers:              ║
    ║                                                                         ║
    ║     npx playwright install                                              ║
    ║                                                                         ║
    ║ <3 Playwright Team                                                      ║
    ╚═════════════════════════════════════════════════════════════════════════╝

  9) [desktop] › accessibility.spec.ts:78:7 › WCAG 2.1 AA accessibility audit › super admin settings page passes axe scan 

    Error: browserType.launch: Executable doesn't exist at C:\Users\eddie\AppData\Local\ms-playwright\chromium-1140\chrome-win\chrome.exe
    ╔═════════════════════════════════════════════════════════════════════════╗
    ║ Looks like Playwright Test or Playwright was just installed or updated. ║
    ║ Please run the following command to download new browsers:              ║
    ║                                                                         ║
    ║     npx playwright install                                              ║
    ║                                                                         ║
    ║ <3 Playwright Team                                                      ║
    ╚═════════════════════════════════════════════════════════════════════════╝

  10) [mobile] › accessibility.spec.ts:25:7 › WCAG 2.1 AA accessibility audit › login page passes axe scan 

    Error: browserType.launch: Executable doesn't exist at C:\Users\eddie\AppData\Local\ms-playwright\chromium-1140\chrome-win\chrome.exe
    ╔═════════════════════════════════════════════════════════════════════════╗
    ║ Looks like Playwright Test or Playwright was just installed or updated. ║
    ║ Please run the following command to download new browsers:              ║
    ║                                                                         ║
    ║     npx playwright install                                              ║
    ║                                                                         ║
    ║ <3 Playwright Team                                                      ║
    ╚═════════════════════════════════════════════════════════════════════════╝

  11) [mobile] › accessibility.spec.ts:30:7 › WCAG 2.1 AA accessibility audit › collector dashboard passes axe scan 

    Error: browserType.launch: Executable doesn't exist at C:\Users\eddie\AppData\Local\ms-playwright\chromium-1140\chrome-win\chrome.exe
    ╔═════════════════════════════════════════════════════════════════════════╗
    ║ Looks like Playwright Test or Playwright was just installed or updated. ║
    ║ Please run the following command to download new browsers:              ║
    ║                                                                         ║
    ║     npx playwright install                                              ║
    ║                                                                         ║
    ║ <3 Playwright Team                                                      ║
    ╚═════════════════════════════════════════════════════════════════════════╝

  12) [mobile] › accessibility.spec.ts:38:7 › WCAG 2.1 AA accessibility audit › approver pending queue passes axe scan 

    Error: browserType.launch: Executable doesn't exist at C:\Users\eddie\AppData\Local\ms-playwright\chromium-1140\chrome-win\chrome.exe
    ╔═════════════════════════════════════════════════════════════════════════╗
    ║ Looks like Playwright Test or Playwright was just installed or updated. ║
    ║ Please run the following command to download new browsers:              ║
    ║                                                                         ║
    ║     npx playwright install                                              ║
    ║                                                                         ║
    ║ <3 Playwright Team                                                      ║
    ╚═════════════════════════════════════════════════════════════════════════╝

  13) [mobile] › accessibility.spec.ts:44:7 › WCAG 2.1 AA accessibility audit › super admin dashboard passes axe scan 

    Error: browserType.launch: Executable doesn't exist at C:\Users\eddie\AppData\Local\ms-playwright\chromium-1140\chrome-win\chrome.exe
    ╔═════════════════════════════════════════════════════════════════════════╗
    ║ Looks like Playwright Test or Playwright was just installed or updated. ║
    ║ Please run the following command to download new browsers:              ║
    ║                                                                         ║
    ║     npx playwright install                                              ║
    ║                                                                         ║
    ║ <3 Playwright Team                                                      ║
    ╚═════════════════════════════════════════════════════════════════════════╝

  14) [mobile] › accessibility.spec.ts:50:7 › WCAG 2.1 AA accessibility audit › super admin collectors page passes axe scan 

    Error: browserType.launch: Executable doesn't exist at C:\Users\eddie\AppData\Local\ms-playwright\chromium-1140\chrome-win\chrome.exe
    ╔═════════════════════════════════════════════════════════════════════════╗
    ║ Looks like Playwright Test or Playwright was just installed or updated. ║
    ║ Please run the following command to download new browsers:              ║
    ║                                                                         ║
    ║     npx playwright install                                              ║
    ║                                                                         ║
    ║ <3 Playwright Team                                                      ║
    ╚═════════════════════════════════════════════════════════════════════════╝

  15) [mobile] › accessibility.spec.ts:57:7 › WCAG 2.1 AA accessibility audit › super admin groups page passes axe scan 

    Error: browserType.launch: Executable doesn't exist at C:\Users\eddie\AppData\Local\ms-playwright\chromium-1140\chrome-win\chrome.exe
    ╔═════════════════════════════════════════════════════════════════════════╗
    ║ Looks like Playwright Test or Playwright was just installed or updated. ║
    ║ Please run the following command to download new browsers:              ║
    ║                                                                         ║
    ║     npx playwright install                                              ║
    ║                                                                         ║
    ║ <3 Playwright Team                                                      ║
    ╚═════════════════════════════════════════════════════════════════════════╝

  16) [mobile] › accessibility.spec.ts:64:7 › WCAG 2.1 AA accessibility audit › super admin loan pools page passes axe scan 

    Error: browserType.launch: Executable doesn't exist at C:\Users\eddie\AppData\Local\ms-playwright\chromium-1140\chrome-win\chrome.exe
    ╔═════════════════════════════════════════════════════════════════════════╗
    ║ Looks like Playwright Test or Playwright was just installed or updated. ║
    ║ Please run the following command to download new browsers:              ║
    ║                                                                         ║
    ║     npx playwright install                                              ║
    ║                                                                         ║
    ║ <3 Playwright Team                                                      ║
    ╚═════════════════════════════════════════════════════════════════════════╝

  17) [mobile] › accessibility.spec.ts:71:7 › WCAG 2.1 AA accessibility audit › super admin risk flags page passes axe scan 

    Error: browserType.launch: Executable doesn't exist at C:\Users\eddie\AppData\Local\ms-playwright\chromium-1140\chrome-win\chrome.exe
    ╔═════════════════════════════════════════════════════════════════════════╗
    ║ Looks like Playwright Test or Playwright was just installed or updated. ║
    ║ Please run the following command to download new browsers:              ║
    ║                                                                         ║
    ║     npx playwright install                                              ║
    ║                                                                         ║
    ║ <3 Playwright Team                                                      ║
    ╚═════════════════════════════════════════════════════════════════════════╝

  18) [mobile] › accessibility.spec.ts:78:7 › WCAG 2.1 AA accessibility audit › super admin settings page passes axe scan 

    Error: browserType.launch: Executable doesn't exist at C:\Users\eddie\AppData\Local\ms-playwright\chromium-1140\chrome-win\chrome.exe
    ╔═════════════════════════════════════════════════════════════════════════╗
    ║ Looks like Playwright Test or Playwright was just installed or updated. ║
    ║ Please run the following command to download new browsers:              ║
    ║                                                                         ║
    ║     npx playwright install                                              ║
    ║                                                                         ║
    ║ <3 Playwright Team                                                      ║
    ╚═════════════════════════════════════════════════════════════════════════╝

  18 failed
    [desktop] › accessibility.spec.ts:25:7 › WCAG 2.1 AA accessibility audit › login page passes axe scan 
    [desktop] › accessibility.spec.ts:30:7 › WCAG 2.1 AA accessibility audit › collector dashboard passes axe scan 
    [desktop] › accessibility.spec.ts:38:7 › WCAG 2.1 AA accessibility audit › approver pending queue passes axe scan 
    [desktop] › accessibility.spec.ts:44:7 › WCAG 2.1 AA accessibility audit › super admin dashboard passes axe scan 
    [desktop] › accessibility.spec.ts:50:7 › WCAG 2.1 AA accessibility audit › super admin collectors page passes axe scan 
    [desktop] › accessibility.spec.ts:57:7 › WCAG 2.1 AA accessibility audit › super admin groups page passes axe scan 
    [desktop] › accessibility.spec.ts:64:7 › WCAG 2.1 AA accessibility audit › super admin loan pools page passes axe scan 
    [desktop] › accessibility.spec.ts:71:7 › WCAG 2.1 AA accessibility audit › super admin risk flags page passes axe scan 
    [desktop] › accessibility.spec.ts:78:7 › WCAG 2.1 AA accessibility audit › super admin settings page passes axe scan 
    [mobile] › accessibility.spec.ts:25:7 › WCAG 2.1 AA accessibility audit › login page passes axe scan 
    [mobile] › accessibility.spec.ts:30:7 › WCAG 2.1 AA accessibility audit › collector dashboard passes axe scan 
    [mobile] › accessibility.spec.ts:38:7 › WCAG 2.1 AA accessibility audit › approver pending queue passes axe scan 
    [mobile] › accessibility.spec.ts:44:7 › WCAG 2.1 AA accessibility audit › super admin dashboard passes axe scan 
    [mobile] › accessibility.spec.ts:50:7 › WCAG 2.1 AA accessibility audit › super admin collectors page passes axe scan 
    [mobile] › accessibility.spec.ts:57:7 › WCAG 2.1 AA accessibility audit › super admin groups page passes axe scan 
    [mobile] › accessibility.spec.ts:64:7 › WCAG 2.1 AA accessibility audit › super admin loan pools page passes axe scan 
    [mobile] › accessibility.spec.ts:71:7 › WCAG 2.1 AA accessibility audit › super admin risk flags page passes axe scan 
    [mobile] › accessibility.spec.ts:78:7 › WCAG 2.1 AA accessibility audit › super admin settings page passes axe scan 
npm error Lifecycle script `test:e2e` failed with error:
npm error code 1
npm error path C:\Users\eddie\OneDrive\Desktop\WILMS\apps\frontend
npm error workspace @wilms/frontend@1.8.0
npm error location C:\Users\eddie\OneDrive\Desktop\WILMS\apps\frontend
npm error command failed
npm error command C:\WINDOWS\system32\cmd.exe /d /s /c playwright test apps/frontend/e2e/accessibility.spec.ts
