[33mThe CJS build of Vite's Node API is deprecated. See https://vite.dev/guide/troubleshooting.html#vite-cjs-node-api-deprecated for more details.[39m

 RUN  v3.2.6 C:/Users/eddie/OneDrive/Desktop/WILMS/apps/frontend

 ✓ src/tests/services/mock/groupService.mock.membership.test.ts (3 tests) 25310ms
   ✓ groupService.mock membership size rules > blocks adding members when a group is at max size  12514ms
   ✓ groupService.mock membership size rules > blocks transfers that would leave the source group below minimum size  4662ms
   ✓ groupService.mock membership size rules > blocks transfers that would exceed the target group max size  8131ms
 ✓ src/tests/approval-workflow/PendingApplicationReview.test.tsx (4 tests) 6461ms
   ✓ PendingApplicationReview > renders the borrower review profile with pending status  1182ms
   ✓ PendingApplicationReview > approves a pending application and redirects to the next queue item  2470ms
   ✓ PendingApplicationReview > requires a reason before rejecting an application  785ms
   ✓ PendingApplicationReview > rejects an application with a reason  2021ms
 ✓ src/tests/services/overpaymentReviewService.mock.test.ts (4 tests) 4714ms
   ✓ overpaymentReviewService.mock > lists pending overpayment reviews  319ms
   ✓ overpaymentReviewService.mock > queues a new overpayment review with audit trail  1562ms
   ✓ overpaymentReviewService.mock > resolves a pending overpayment review  1259ms
   ✓ overpaymentReviewService.mock > rejects resolving a review that is not pending  1571ms
 ✓ src/tests/services/mock/groupService.mock.display-name.test.ts (3 tests) 3160ms
   ✓ groupService.mock display name and leader permissions > updates display name while preserving groupSystemId  961ms
   ✓ groupService.mock display name and leader permissions > blocks approvers from replacing an existing leader  630ms
   ✓ groupService.mock display name and leader permissions > allows collectors to replace an existing leader  1567ms
 ✓ src/tests/services/collectorService.mock.test.ts (2 tests) 2697ms
   ✓ collectorService.mock dashboard > returns Friday borrowers with expected vs collected totals  1445ms
   ✓ collectorService.mock dashboard > flags pending reconciliation for the current date  1248ms
 ✓ src/tests/services/mock/uploadService.mock.test.ts (3 tests) 2490ms
   ✓ uploadService.mock > stores profile photo uploads and returns a retrievable record  620ms
   ✓ uploadService.mock > supports borrower, guarantor, document, and registration attachment purposes  1243ms
   ✓ uploadService.mock > rejects zero-byte uploads and missing records on delete  624ms
 ✓ src/tests/services/paymentService.mock.test.ts (3 tests) 2488ms
   ✓ paymentService.mock > records a payment with provided GPS coordinates  620ms
   ✓ paymentService.mock > blocks overpayments and queues a Super Admin review  1555ms
   ✓ paymentService.mock > blocks duplicate borrower + date + amount transactions  311ms
 ✓ src/tests/services/borrower-escalation.sync.test.ts (2 tests) 2196ms
   ✓ borrower-escalation.sync > escalates borrower to at risk after one missed week  941ms
   ✓ borrower-escalation.sync > escalates borrower to defaulted and notifies guarantor after two missed weeks  1253ms
 ✓ src/tests/services/nf-02-notifications.test.ts (4 tests) 1887ms
   ✓ NF-02 notification triggers > sends LOAN_DISBURSED when a pending loan is disbursed  943ms
   ✓ NF-02 notification triggers > sends PAYMENT_REMINDER the day before a pending obligation is due  313ms
   ✓ NF-02 notification triggers > does not duplicate payment reminders for the same obligation  318ms
   ✓ NF-02 notification triggers > sends LOAN_COMPLETED when an active loan is fully repaid  311ms
stderr | src/tests/features/export/wilms-export.test.ts > printWilmsDocument > returns a result object and never throws
Error: Could not parse CSS stylesheet
    at exports.createStylesheet (C:\Users\eddie\OneDrive\Desktop\WILMS\node_modules\jsdom\lib\jsdom\living\helpers\stylesheets.js:37:21)
    at HTMLStyleElementImpl._updateAStyleBlock (C:\Users\eddie\OneDrive\Desktop\WILMS\node_modules\jsdom\lib\jsdom\living\nodes\HTMLStyleElement-impl.js:68:5)
    at HTMLStyleElementImpl._poppedOffStackOfOpenElements (C:\Users\eddie\OneDrive\Desktop\WILMS\node_modules\jsdom\lib\jsdom\living\nodes\HTMLStyleElement-impl.js:42:10)
    at JSDOMParse5Adapter.onItemPop (C:\Users\eddie\OneDrive\Desktop\WILMS\node_modules\jsdom\lib\jsdom\browser\parser\html.js:175:43)
    at Parser.onItemPop (C:\Users\eddie\OneDrive\Desktop\WILMS\node_modules\parse5\dist\cjs\parser\index.js:176:90)
    at OpenElementStack.pop (C:\Users\eddie\OneDrive\Desktop\WILMS\node_modules\parse5\dist\cjs\parser\open-element-stack.js:83:22)
    at endTagInText (C:\Users\eddie\OneDrive\Desktop\WILMS\node_modules\parse5\dist\cjs\parser\index.js:2353:20)
    at Parser._endTagOutsideForeignContent (C:\Users\eddie\OneDrive\Desktop\WILMS\node_modules\parse5\dist\cjs\parser\index.js:992:17)
    at Parser.onEndTag (C:\Users\eddie\OneDrive\Desktop\WILMS\node_modules\parse5\dist\cjs\parser\index.js:957:18)
    at Tokenizer.emitCurrentTagToken (C:\Users\eddie\OneDrive\Desktop\WILMS\node_modules\parse5\dist\cjs\tokenizer\index.js:385:26) 
      @page {
        size: A4 portrait;
        margin: 14mm 14mm 18mm 14mm;
        @bottom-center {
          content: "Page " counter(page);
          font-family: system-ui, -apple-system, "Segoe UI", Roboto, "Helvetica Neue", Arial, sans-serif;
          font-size: 8pt;
          color: #5C5C5C;
        }
      }
      * { box-sizing: border-box; }
      body {
        margin: 0;
        color: #1A1A1A;
        font-family: system-ui, -apple-system, "Segoe UI", Roboto, "Helvetica Neue", Arial, sans-serif;
        font-size: 11pt;
        line-height: 1.5;
        background: #fff;
      }
      .wilms-header {
        display: grid;
        grid-template-columns: 1fr 1fr;
        gap: 16px;
        padding: 16px 20px;
        background: #0F6E56;
        color: #fff;
      }
      .wilms-logo {
        font-family: Georgia, Cambria, "Times New Roman", Times, serif;
        font-size: 28px;
        letter-spacing: 0.04em;
        margin: 0;
      }
      .wilms-org-name { margin: 4px 0 0; font-size: 10pt; opacity: 0.95; }
      .wilms-org-id { margin: 2px 0 0; font-size: 9pt; opacity: 0.85; }
      .wilms-header-meta { text-align: right; font-size: 10pt; }
      .wilms-header-meta h1 {
        margin: 0 0 8px;
        font-size: 14pt;
        font-weight: 700;
      }
      .wilms-meta-bar {
        display: grid;
        grid-template-columns: repeat(3, 1fr);
        gap: 12px;
        padding: 12px 20px;
        border-bottom: 1px solid #D9D9D9;
        font-size: 9pt;
      }
      .wilms-meta-bar strong { display: block; color: #5C5C5C; font-weight: 600; }
      .wilms-content { padding: 20px; }
      .wilms-executive-summary {
        margin-bottom: 24px;
        padding: 16px;
        border-left: 4px solid #BA7517;
        background: #faf8f4;
      }
      .wilms-executive-summary h2 {
        margin: 0 0 8px;
        font-size: 12pt;
        color: #0F6E56;
      }
      .wilms-section { margin-bottom: 24px; break-inside: avoid; }
      .wilms-section h2 {
        margin: 0 0 10px;
        font-size: 12pt;
        color: #0F6E56;
      }
      .wilms-table {
        width: 100%;
        border-collapse: collapse;
        font-size: 9pt;
      }
      .wilms-table caption {
        caption-side: top;
        text-align: left;
        margin-bottom: 8px;
        color: #5C5C5C;
      }
      .wilms-table th,
      .wilms-table td {
        border: 1px solid #D9D9D9;
        padding: 8px 10px;
        vertical-align: top;
      }
      .wilms-table thead th {
        background: #0F6E56;
        color: #fff;
        font-weight: 700;
      }
      .wilms-summary-table th {
        width: 34%;
        background: #f5f7f6;
        text-align: left;
      }
      .wilms-row-alt { background: #F5F7F6; }
      .wilms-table tfoot td {
        font-weight: 700;
        background: #eef3f1;
      }
      .wilms-metrics {
        display: grid;
        grid-template-columns: repeat(4, 1fr);
        gap: 12px;
      }
      .wilms-metric {
        padding: 12px;
        border: 1px solid #D9D9D9;
        background: #fff;
      }
      .wilms-metric-label {
        display: block;
        color: #5C5C5C;
        font-size: 8pt;
        margin-bottom: 4px;
      }
      .wilms-signatures {
        display: grid;
        grid-template-columns: repeat(3, 1fr);
        gap: 24px;
      }
      .wilms-signature-line {
        height: 48px;
        border-bottom: 1px solid #1A1A1A;
        margin: 12px 0 8px;
      }
      .wilms-footer {
        margin-top: 32px;
        padding-top: 12px;
        border-top: 2px solid #0F6E56;
        font-size: 8pt;
        color: #5C5C5C;
      }
      .wilms-footer-row {
        display: flex;
        justify-content: space-between;
        gap: 12px;
        margin-bottom: 4px;
      }
      @media print {
        body { -webkit-print-color-adjust: exact; print-color-adjust: exact; }
      }
    

stderr | src/tests/features/export/wilms-export.test.ts > printWilmsDocument > returns a result object and never throws
Error: Not implemented: window.focus
    at module.exports (C:\Users\eddie\OneDrive\Desktop\WILMS\node_modules\jsdom\lib\jsdom\browser\not-implemented.js:9:17)
    at C:\Users\eddie\OneDrive\Desktop\WILMS\node_modules\jsdom\lib\jsdom\browser\Window.js:960:7
    at invokePrint (C:\Users\eddie\OneDrive\Desktop\WILMS\apps\frontend\src\features\export\engines\print-engine.ts:375:17)
    at Timeout.runPrint [as _onTimeout] (C:\Users\eddie\OneDrive\Desktop\WILMS\apps\frontend\src\features\export\engines\print-engine.ts:398:35)
    at listOnTimeout (node:internal/timers:605:17)
    at processTimers (node:internal/timers:541:7) undefined
Error: Not implemented: window.print
    at module.exports (C:\Users\eddie\OneDrive\Desktop\WILMS\node_modules\jsdom\lib\jsdom\browser\not-implemented.js:9:17)
    at C:\Users\eddie\OneDrive\Desktop\WILMS\node_modules\jsdom\lib\jsdom\browser\Window.js:960:7
    at invokePrint (C:\Users\eddie\OneDrive\Desktop\WILMS\apps\frontend\src\features\export\engines\print-engine.ts:376:17)
    at Timeout.runPrint [as _onTimeout] (C:\Users\eddie\OneDrive\Desktop\WILMS\apps\frontend\src\features\export\engines\print-engine.ts:398:35)
    at listOnTimeout (node:internal/timers:605:17)
    at processTimers (node:internal/timers:541:7) undefined

stderr | src/tests/features/export/wilms-export.test.ts > printWilmsDocument > openWilmsPrintPreview returns a result object and never throws
Error: Could not parse CSS stylesheet
    at exports.createStylesheet (C:\Users\eddie\OneDrive\Desktop\WILMS\node_modules\jsdom\lib\jsdom\living\helpers\stylesheets.js:37:21)
    at HTMLStyleElementImpl._updateAStyleBlock (C:\Users\eddie\OneDrive\Desktop\WILMS\node_modules\jsdom\lib\jsdom\living\nodes\HTMLStyleElement-impl.js:68:5)
    at HTMLStyleElementImpl._poppedOffStackOfOpenElements (C:\Users\eddie\OneDrive\Desktop\WILMS\node_modules\jsdom\lib\jsdom\living\nodes\HTMLStyleElement-impl.js:42:10)
    at JSDOMParse5Adapter.onItemPop (C:\Users\eddie\OneDrive\Desktop\WILMS\node_modules\jsdom\lib\jsdom\browser\parser\html.js:175:43)
    at Parser.onItemPop (C:\Users\eddie\OneDrive\Desktop\WILMS\node_modules\parse5\dist\cjs\parser\index.js:176:90)
    at OpenElementStack.pop (C:\Users\eddie\OneDrive\Desktop\WILMS\node_modules\parse5\dist\cjs\parser\open-element-stack.js:83:22)
    at endTagInText (C:\Users\eddie\OneDrive\Desktop\WILMS\node_modules\parse5\dist\cjs\parser\index.js:2353:20)
    at Parser._endTagOutsideForeignContent (C:\Users\eddie\OneDrive\Desktop\WILMS\node_modules\parse5\dist\cjs\parser\index.js:992:17)
    at Parser.onEndTag (C:\Users\eddie\OneDrive\Desktop\WILMS\node_modules\parse5\dist\cjs\parser\index.js:957:18)
    at Tokenizer.emitCurrentTagToken (C:\Users\eddie\OneDrive\Desktop\WILMS\node_modules\parse5\dist\cjs\tokenizer\index.js:385:26) 
      @page {
        size: A4 portrait;
        margin: 14mm 14mm 18mm 14mm;
        @bottom-center {
          content: "Page " counter(page);
          font-family: system-ui, -apple-system, "Segoe UI", Roboto, "Helvetica Neue", Arial, sans-serif;
          font-size: 8pt;
          color: #5C5C5C;
        }
      }
      * { box-sizing: border-box; }
      body {
        margin: 0;
        color: #1A1A1A;
        font-family: system-ui, -apple-system, "Segoe UI", Roboto, "Helvetica Neue", Arial, sans-serif;
        font-size: 11pt;
        line-height: 1.5;
        background: #fff;
      }
      .wilms-header {
        display: grid;
        grid-template-columns: 1fr 1fr;
        gap: 16px;
        padding: 16px 20px;
        background: #0F6E56;
        color: #fff;
      }
      .wilms-logo {
        font-family: Georgia, Cambria, "Times New Roman", Times, serif;
        font-size: 28px;
        letter-spacing: 0.04em;
        margin: 0;
      }
      .wilms-org-name { margin: 4px 0 0; font-size: 10pt; opacity: 0.95; }
      .wilms-org-id { margin: 2px 0 0; font-size: 9pt; opacity: 0.85; }
      .wilms-header-meta { text-align: right; font-size: 10pt; }
      .wilms-header-meta h1 {
        margin: 0 0 8px;
        font-size: 14pt;
        font-weight: 700;
      }
      .wilms-meta-bar {
        display: grid;
        grid-template-columns: repeat(3, 1fr);
        gap: 12px;
        padding: 12px 20px;
        border-bottom: 1px solid #D9D9D9;
        font-size: 9pt;
      }
      .wilms-meta-bar strong { display: block; color: #5C5C5C; font-weight: 600; }
      .wilms-content { padding: 20px; }
      .wilms-executive-summary {
        margin-bottom: 24px;
        padding: 16px;
        border-left: 4px solid #BA7517;
        background: #faf8f4;
      }
      .wilms-executive-summary h2 {
        margin: 0 0 8px;
        font-size: 12pt;
        color: #0F6E56;
      }
      .wilms-section { margin-bottom: 24px; break-inside: avoid; }
      .wilms-section h2 {
        margin: 0 0 10px;
        font-size: 12pt;
        color: #0F6E56;
      }
      .wilms-table {
        width: 100%;
        border-collapse: collapse;
        font-size: 9pt;
      }
      .wilms-table caption {
        caption-side: top;
        text-align: left;
        margin-bottom: 8px;
        color: #5C5C5C;
      }
      .wilms-table th,
      .wilms-table td {
        border: 1px solid #D9D9D9;
        padding: 8px 10px;
        vertical-align: top;
      }
      .wilms-table thead th {
        background: #0F6E56;
        color: #fff;
        font-weight: 700;
      }
      .wilms-summary-table th {
        width: 34%;
        background: #f5f7f6;
        text-align: left;
      }
      .wilms-row-alt { background: #F5F7F6; }
      .wilms-table tfoot td {
        font-weight: 700;
        background: #eef3f1;
      }
      .wilms-metrics {
        display: grid;
        grid-template-columns: repeat(4, 1fr);
        gap: 12px;
      }
      .wilms-metric {
        padding: 12px;
        border: 1px solid #D9D9D9;
        background: #fff;
      }
      .wilms-metric-label {
        display: block;
        color: #5C5C5C;
        font-size: 8pt;
        margin-bottom: 4px;
      }
      .wilms-signatures {
        display: grid;
        grid-template-columns: repeat(3, 1fr);
        gap: 24px;
      }
      .wilms-signature-line {
        height: 48px;
        border-bottom: 1px solid #1A1A1A;
        margin: 12px 0 8px;
      }
      .wilms-footer {
        margin-top: 32px;
        padding-top: 12px;
        border-top: 2px solid #0F6E56;
        font-size: 8pt;
        color: #5C5C5C;
      }
      .wilms-footer-row {
        display: flex;
        justify-content: space-between;
        gap: 12px;
        margin-bottom: 4px;
      }
      @media print {
        body { -webkit-print-color-adjust: exact; print-color-adjust: exact; }
      }
    
Error: Could not parse CSS stylesheet
    at exports.createStylesheet (C:\Users\eddie\OneDrive\Desktop\WILMS\node_modules\jsdom\lib\jsdom\living\helpers\stylesheets.js:37:21)
    at HTMLStyleElementImpl._updateAStyleBlock (C:\Users\eddie\OneDrive\Desktop\WILMS\node_modules\jsdom\lib\jsdom\living\nodes\HTMLStyleElement-impl.js:68:5)
    at HTMLStyleElementImpl._poppedOffStackOfOpenElements (C:\Users\eddie\OneDrive\Desktop\WILMS\node_modules\jsdom\lib\jsdom\living\nodes\HTMLStyleElement-impl.js:42:10)
    at JSDOMParse5Adapter.onItemPop (C:\Users\eddie\OneDrive\Desktop\WILMS\node_modules\jsdom\lib\jsdom\browser\parser\html.js:175:43)
    at Parser.onItemPop (C:\Users\eddie\OneDrive\Desktop\WILMS\node_modules\parse5\dist\cjs\parser\index.js:176:90)
    at OpenElementStack.pop (C:\Users\eddie\OneDrive\Desktop\WILMS\node_modules\parse5\dist\cjs\parser\open-element-stack.js:83:22)
    at endTagInText (C:\Users\eddie\OneDrive\Desktop\WILMS\node_modules\parse5\dist\cjs\parser\index.js:2353:20)
    at Parser._endTagOutsideForeignContent (C:\Users\eddie\OneDrive\Desktop\WILMS\node_modules\parse5\dist\cjs\parser\index.js:992:17)
    at Parser.onEndTag (C:\Users\eddie\OneDrive\Desktop\WILMS\node_modules\parse5\dist\cjs\parser\index.js:957:18)
    at Tokenizer.emitCurrentTagToken (C:\Users\eddie\OneDrive\Desktop\WILMS\node_modules\parse5\dist\cjs\tokenizer\index.js:385:26) 
      @page {
        size: A4 portrait;
        margin: 14mm 14mm 18mm 14mm;
        @bottom-center {
          content: "Page " counter(page);
          font-family: system-ui, -apple-system, "Segoe UI", Roboto, "Helvetica Neue", Arial, sans-serif;
          font-size: 8pt;
          color: #5C5C5C;
        }
      }
      * { box-sizing: border-box; }
      body {
        margin: 0;
        color: #1A1A1A;
        font-family: system-ui, -apple-system, "Segoe UI", Roboto, "Helvetica Neue", Arial, sans-serif;
        font-size: 11pt;
        line-height: 1.5;
        background: #fff;
      }
      .wilms-header {
        display: grid;
        grid-template-columns: 1fr 1fr;
        gap: 16px;
        padding: 16px 20px;
        background: #0F6E56;
        color: #fff;
      }
      .wilms-logo {
        font-family: Georgia, Cambria, "Times New Roman", Times, serif;
        font-size: 28px;
        letter-spacing: 0.04em;
        margin: 0;
      }
      .wilms-org-name { margin: 4px 0 0; font-size: 10pt; opacity: 0.95; }
      .wilms-org-id { margin: 2px 0 0; font-size: 9pt; opacity: 0.85; }
      .wilms-header-meta { text-align: right; font-size: 10pt; }
      .wilms-header-meta h1 {
        margin: 0 0 8px;
        font-size: 14pt;
        font-weight: 700;
      }
      .wilms-meta-bar {
        display: grid;
        grid-template-columns: repeat(3, 1fr);
        gap: 12px;
        padding: 12px 20px;
        border-bottom: 1px solid #D9D9D9;
        font-size: 9pt;
      }
      .wilms-meta-bar strong { display: block; color: #5C5C5C; font-weight: 600; }
      .wilms-content { padding: 20px; }
      .wilms-executive-summary {
        margin-bottom: 24px;
        padding: 16px;
        border-left: 4px solid #BA7517;
        background: #faf8f4;
      }
      .wilms-executive-summary h2 {
        margin: 0 0 8px;
        font-size: 12pt;
        color: #0F6E56;
      }
      .wilms-section { margin-bottom: 24px; break-inside: avoid; }
      .wilms-section h2 {
        margin: 0 0 10px;
        font-size: 12pt;
        color: #0F6E56;
      }
      .wilms-table {
        width: 100%;
        border-collapse: collapse;
        font-size: 9pt;
      }
      .wilms-table caption {
        caption-side: top;
        text-align: left;
        margin-bottom: 8px;
        color: #5C5C5C;
      }
      .wilms-table th,
      .wilms-table td {
        border: 1px solid #D9D9D9;
        padding: 8px 10px;
        vertical-align: top;
      }
      .wilms-table thead th {
        background: #0F6E56;
        color: #fff;
        font-weight: 700;
      }
      .wilms-summary-table th {
        width: 34%;
        background: #f5f7f6;
        text-align: left;
      }
      .wilms-row-alt { background: #F5F7F6; }
      .wilms-table tfoot td {
        font-weight: 700;
        background: #eef3f1;
      }
      .wilms-metrics {
        display: grid;
        grid-template-columns: repeat(4, 1fr);
        gap: 12px;
      }
      .wilms-metric {
        padding: 12px;
        border: 1px solid #D9D9D9;
        background: #fff;
      }
      .wilms-metric-label {
        display: block;
        color: #5C5C5C;
        font-size: 8pt;
        margin-bottom: 4px;
      }
      .wilms-signatures {
        display: grid;
        grid-template-columns: repeat(3, 1fr);
        gap: 24px;
      }
      .wilms-signature-line {
        height: 48px;
        border-bottom: 1px solid #1A1A1A;
        margin: 12px 0 8px;
      }
      .wilms-footer {
        margin-top: 32px;
        padding-top: 12px;
        border-top: 2px solid #0F6E56;
        font-size: 8pt;
        color: #5C5C5C;
      }
      .wilms-footer-row {
        display: flex;
        justify-content: space-between;
        gap: 12px;
        margin-bottom: 4px;
      }
      @media print {
        body { -webkit-print-color-adjust: exact; print-color-adjust: exact; }
      }
    

 ✓ src/tests/features/export/wilms-export.test.ts (8 tests) 1788ms
   ✓ printWilmsDocument > returns a result object and never throws  839ms
   ✓ printWilmsDocument > returns print_blocked when print() throws  796ms
 ✓ src/tests/payment-collection/CollectorDashboardPanel.test.tsx (1 test) 1565ms
   ✓ CollectorDashboardPanel > renders collection summary and today borrowers table  1564ms
 ✓ src/tests/services/paymentService.entry.test.ts (3 tests) 1561ms
   ✓ paymentService.mock payment entry > returns payment entry context for an active loan  316ms
   ✓ paymentService.mock payment entry > records a payment on the payment day and clears the oldest obligation  620ms
   ✓ paymentService.mock payment entry > blocks partial payments and wrong-day submissions  623ms
 ✓ src/tests/admin-fee/AdminFeeRecordingPanel.test.tsx (2 tests) 1582ms
   ✓ AdminFeeRecordingPanel > shows the disbursement gate before the fee is recorded  475ms
   ✓ AdminFeeRecordingPanel > records the admin fee and unlocks disbursement  1106ms
 ✓ src/tests/approval-workflow/PendingApplicationsQueue.test.tsx (3 tests) 2018ms
   ✓ PendingApplicationsQueue > lists pending applications with status badges  1009ms
   ✓ PendingApplicationsQueue > links each application to the review page  403ms
   ✓ PendingApplicationsQueue > filters applications by search query  604ms
 ✓ src/tests/services/loanService.create.test.ts (3 tests) 1272ms
   ✓ loanService.mock create loan > lists only borrowers with admin fee and no open loan  308ms
   ✓ loanService.mock create loan > creates a pending disbursement loan for an eligible borrower  647ms
   ✓ loanService.mock create loan > blocks loan creation without admin fee  316ms
 ✓ src/tests/borrower-management/BorrowerProfilePanel.test.tsx (2 tests) 1749ms
   ✓ BorrowerProfilePanel > renders full borrower profile sections and loan history  1613ms
 ✓ src/tests/services/locationService.mock.test.ts (4 tests) 1241ms
   ✓ locationService.mock > returns all Ghana regions  316ms
   ✓ locationService.mock > returns districts scoped to the selected region  305ms
   ✓ locationService.mock > returns cities scoped to the selected district  309ms
   ✓ locationService.mock > returns demo coordinates in mock mode  308ms
 ✓ src/tests/overpayment-review/OverpaymentReviewPanel.test.tsx (1 test) 451ms
   ✓ OverpaymentReviewPanel > renders pending overpayment reviews  450ms
 ✓ src/tests/borrower-management/BorrowerList.test.tsx (2 tests) 1074ms
   ✓ BorrowerList > renders borrowers with profile links  586ms
   ✓ BorrowerList > filters borrowers by status  486ms
 ✓ src/tests/auth/LoginForm.test.tsx (3 tests) 1178ms
   ✓ LoginForm > shows field validation errors for invalid input  457ms
   ✓ LoginForm > submits valid credentials and redirects safely  667ms
 ✓ src/tests/loan-management/LoanPortfolioList.test.tsx (2 tests) 1374ms
   ✓ LoanPortfolioList > renders portfolio summary cards and outstanding balances  787ms
   ✓ LoanPortfolioList > filters the portfolio by loan status  586ms
 ✓ src/tests/services/auditService.mock.test.ts (2 tests) 943ms
   ✓ auditService.mock > creates immutable approval audit entries with actor, target, and reason  321ms
   ✓ auditService.mock > lists recent entries newest first  619ms
 ✓ src/tests/layouts/mobile-sidebar-expanded.test.tsx (2 tests) 635ms
   ✓ mobile sidebar with desktop collapsed preference > opens an expanded mobile drawer even when desktop sidebar is collapsed  524ms
 ✓ src/tests/loan-management/BorrowerLoanDetailPanel.test.tsx (1 test) 840ms
   ✓ BorrowerLoanDetailPanel > renders progress metrics, schedule, and payment log  839ms
 ✓ src/tests/super-admin-management/LoanPoolsPanel.test.tsx (1 test) 747ms
   ✓ LoanPoolsPanel > renders loan pool summary and table  745ms
 ✓ src/tests/super-admin-dashboard/SuperAdminDashboard.test.tsx (1 test) 319ms
   ✓ SuperAdminDashboard > renders operational dashboard attention queues and links to executive view  318ms
 ✓ src/tests/reports/ReportsIndexPanel.responsive.test.tsx (1 test) 617ms
   ✓ ReportsIndexPanel responsive layout > renders card grid for mobile-friendly report browsing  616ms
 ✓ src/tests/super-admin-dashboard/dashboardService.mock.test.ts (1 test) 410ms
   ✓ dashboardService.mock > aggregates reference-scale dashboard summary from demo factories  409ms
 ✓ src/tests/auth/LogoutButton.test.tsx (1 test) 164ms
 ✓ src/tests/adjustments/AdjustmentsPanel.test.tsx (1 test) 414ms
   ✓ AdjustmentsPanel > renders pending adjustment requests  413ms
 ✓ src/tests/services/loanService.portfolio.test.ts (1 test) 331ms
   ✓ loanService.mock portfolio > returns portfolio entries with borrower details and balances  330ms
 ✓ src/tests/services/mock/collectors-demo.factory.test.ts (7 tests) 315ms
   ✓ collectorManagementService.mock > serves reference-scale collector list from demo factory  306ms
 ✓ src/tests/components/Drawer.test.tsx (4 tests) 244ms
 ✓ src/tests/components/feedback.test.tsx (3 tests) 91ms
 ✓ src/tests/components/DataTable.test.tsx (5 tests) 184ms
 ✓ src/tests/layouts/ShellAsideDrawer.test.tsx (1 test) 158ms
 ✓ src/tests/ui/dashboard-kit.test.tsx (3 tests) 120ms
 ✓ src/tests/components/Pagination.test.tsx (1 test) 141ms
 ✓ src/tests/auth/AuthBrandHeader.test.tsx (1 test) 119ms
 ✓ src/tests/offline-queue/OfflineBanner.test.tsx (5 tests) 87ms
 ✓ src/tests/components/DemoModeBanner.test.tsx (3 tests) 92ms
 ✓ src/tests/components/LoanScheduleTable.test.tsx (1 test) 64ms
 ✓ src/tests/components/CurrencyAmount.test.tsx (1 test) 54ms
 ✓ src/tests/services/apiClient.public401.test.ts (1 test) 39ms
 ✓ src/tests/components/Switch.test.tsx (1 test) 28ms
 ✓ src/tests/hooks/useCapsLockWarning.test.tsx (2 tests) 19ms
 ✓ src/tests/components/Badge.test.tsx (2 tests) 39ms
 ✓ src/tests/services/apiClient.test.ts (5 tests) 28ms
 ✓ src/tests/loan-management/cycle-batch-options.test.ts (1 test) 15ms
 ✓ src/tests/services/mock/risk-flags-demo.factory.test.ts (1 test) 16ms
 ✓ src/tests/auth/middleware.test.ts (5 tests) 11ms
 ✓ src/tests/constants/navigation-groups.test.ts (3 tests) 6ms
 ✓ src/tests/borrower-registration/registration.schema.test.ts (5 tests) 11ms
 ✓ src/tests/utils/query-error-presentation.test.ts (3 tests) 4ms
 ✓ src/tests/data-provider/resolve-data-provider-mode.test.ts (2 tests) 8ms
 ✓ src/tests/offline-queue/sync.test.ts (3 tests) 5ms
 ✓ src/tests/payment-collection/group-collection-sheet.utils.test.ts (5 tests) 9ms
 ✓ src/tests/services/mock/ghana-locations.factory.test.ts (3 tests) 7ms
 ✓ src/tests/payment-collection/collector-dashboard.utils.test.ts (4 tests) 7ms
 ✓ src/tests/utils/photo-validation.test.ts (4 tests) 9ms
 ✓ src/tests/state/appLockStore.test.ts (5 tests) 6ms
 ✓ src/tests/auth/session.test.ts (4 tests) 7ms
 ✓ src/tests/utils/levenshtein.test.ts (4 tests) 13ms
 ✓ src/tests/lib/upstream-path.test.ts (3 tests) 13ms
 ✓ src/tests/payment-collection/payment-entry.utils.test.ts (5 tests) 19ms
 ✓ src/tests/utils/format-delivery-failure.test.ts (3 tests) 6ms
 ✓ src/tests/auth/authStore.test.ts (4 tests) 4ms
 ✓ src/tests/auth/session-expiry.test.ts (3 tests) 9ms
 ✓ src/tests/observability/errorTracking.test.ts (1 test) 8ms
 ✓ src/tests/loan-management/loan-schedule.test.ts (2 tests) 18ms
 ✓ src/tests/layouts/shell-nav-link.utils.test.ts (5 tests) 6ms
 ✓ src/tests/onboarding/product-tour-routes.test.ts (6 tests) 5ms
 ✓ src/tests/utils/mutation-feedback.test.ts (2 tests) 13ms
 ✓ src/tests/lib/paymentSyncHandler.test.ts (2 tests) 5ms
 ✓ src/tests/utils/reconciliation-summary.test.ts (7 tests) 11ms
 ✓ src/tests/utils/reconciliation-review.test.ts (2 tests) 5ms
 ✓ src/tests/loan-management/portfolio.utils.test.ts (2 tests) 6ms
 ✓ src/tests/utils/kpi-sparkline.test.ts (2 tests) 4ms
 ✓ src/tests/validation/display-ids.test.ts (7 tests) 4ms
 ✓ src/tests/utils/export-csv.test.ts (2 tests) 3ms
 ✓ src/tests/lib/expenseSyncHandler.test.ts (1 test) 6ms
 ✓ src/tests/lib/chunk-recovery.test.ts (3 tests) 5ms
 ✓ src/tests/loan-management/loan-workflow-steps.test.ts (3 tests) 4ms
 ✓ src/tests/field-operations/device-management.test.ts (2 tests) 3ms
 ✓ src/tests/state/loginPreferencesStore.test.ts (2 tests) 3ms
 ✓ src/tests/utils/defaulter-escalation.test.ts (6 tests) 4ms
 ✓ src/tests/features/export/export-filename.test.ts (1 test) 3ms
 ✓ src/tests/utils/shell-page-title.test.ts (5 tests) 5ms
 ✓ src/tests/loan-management/loan.utils.test.ts (2 tests) 4ms
 ✓ src/tests/auth/routes.test.ts (3 tests) 7ms
 ✓ src/tests/utils/collector-rate-display.test.ts (3 tests) 3ms
 ✓ src/tests/utils/loan-pool-aggregates.test.ts (2 tests) 5ms
 ✓ src/tests/settings/permission-overrides-ui.test.ts (3 tests) 3ms
 ✓ src/tests/approval-workflow/format-group-label.test.ts (3 tests) 3ms

 Test Files  94 passed (94)
      Tests  269 passed (269)
   Start at  19:26:00
   Duration  275.47s (transform 7.60s, setup 37.35s, collect 36.14s, tests 75.83s, environment 85.39s, prepare 12.75s)

