
> wilms@1.8.0 smoke:production
> npm run smoke:production -w @wilms/api


> @wilms/api@1.8.0 smoke:production
> npm run smoke:production -w @wilms/domain


> @wilms/domain@1.8.0 smoke:production
> tsx src/verification/production-smoke.ts

◇ injected env (23) from ..\..\apps\backend\.env.local // tip: ⌁ auth for agents [www.vestauth.com]
◇ injected env (1) from ..\..\.env.local // tip: ⌁ auth for agents [www.vestauth.com]
Error: WILMS_SMOKE_EMAIL and WILMS_SMOKE_PASSWORD are required for production smoke tests (demo accounts are disabled on live)
    at resolveSmokeCredentials (C:\Users\eddie\OneDrive\Desktop\WILMS\packages\domain\src\verification\smoke-credentials.ts:15:13)
    at main (C:\Users\eddie\OneDrive\Desktop\WILMS\packages\domain\src\verification\production-smoke.ts:67:31)
    at <anonymous> (C:\Users\eddie\OneDrive\Desktop\WILMS\packages\domain\src\verification\production-smoke.ts:316:1)
    at ModuleJob.run (node:internal/modules/esm/module_job:439:25)
    at async node:internal/modules/esm/loader:643:26
    at async asyncRunEntryPointWithESMLoader (node:internal/modules/run_main:101:5)
npm error Lifecycle script `smoke:production` failed with error:
npm error code 1
npm error path C:\Users\eddie\OneDrive\Desktop\WILMS\packages\domain
npm error workspace @wilms/domain@1.8.0
npm error location C:\Users\eddie\OneDrive\Desktop\WILMS\packages\domain
npm error command failed
npm error command C:\WINDOWS\system32\cmd.exe /d /s /c tsx src/verification/production-smoke.ts
npm error Lifecycle script `smoke:production` failed with error:
npm error code 1
npm error path C:\Users\eddie\OneDrive\Desktop\WILMS\apps\backend
npm error workspace @wilms/api@1.8.0
npm error location C:\Users\eddie\OneDrive\Desktop\WILMS\apps\backend
npm error command failed
npm error command C:\WINDOWS\system32\cmd.exe /d /s /c npm run smoke:production -w @wilms/domain
