
> wilms@0.1.0 test
> node --max-old-space-size=4096 ./node_modules/vitest/vitest.mjs run

node.exe : [33mThe CJS build of Vite's Node API is deprecated. See 
https://vite.dev/guide/troubleshooting.html#vite-cjs-node-api-deprecated for more details.[39m
At C:\Program Files\nodejs\npm.ps1:29 char:3
+   & $NODE_EXE $NPM_CLI_JS $args
+   ~~~~~~~~~~~~~~~~~~~~~~~~~~~~~
    + CategoryInfo          : NotSpecified: ([33mThe CJS bu...e details.[39m:String) [], RemoteException
    + FullyQualifiedErrorId : NativeCommandError
 

 RUN  v2.1.2 C:/Users/eddie/Downloads/WILMS

 Ô£ô src/tests/super-admin-dashboard/dashboard-summary.utils.test.ts  (6 tests) 199ms
stderr | src/tests/features/export/wilms-export.test.ts > printWilmsDocument > returns a result object and never throws
Error: Not implemented: window.focus
    at module.exports (C:\Users\eddie\Downloads\WILMS\node_modules\jsdom\lib\jsdom\browser\not-implemented.js:9:17)
    at C:\Users\eddie\Downloads\WILMS\node_modules\jsdom\lib\jsdom\browser\Window.js:960:7
    at invokePrint (C:\Users\eddie\Downloads\WILMS\src\features\export\engines\print-engine.ts:364:17)
    at Timeout.runPrint [as _onTimeout] 
(C:\Users\eddie\Downloads\WILMS\src\features\export\engines\print-engine.ts:387:35)
    at listOnTimeout (node:internal/timers:594:17)
    at processTimers (node:internal/timers:529:7) undefined
Error: Not implemented: window.print
    at module.exports (C:\Users\eddie\Downloads\WILMS\node_modules\jsdom\lib\jsdom\browser\not-implemented.js:9:17)
    at C:\Users\eddie\Downloads\WILMS\node_modules\jsdom\lib\jsdom\browser\Window.js:960:7
    at invokePrint (C:\Users\eddie\Downloads\WILMS\src\features\export\engines\print-engine.ts:365:17)
    at Timeout.runPrint [as _onTimeout] 
(C:\Users\eddie\Downloads\WILMS\src\features\export\engines\print-engine.ts:387:35)
    at listOnTimeout (node:internal/timers:594:17)
    at processTimers (node:internal/timers:529:7) undefined

 Ô£ô src/tests/features/export/wilms-export.test.ts  (8 tests) 1979ms
 Ô£ô src/tests/approval-workflow/PendingApplicationReview.test.tsx  (4 tests) 4753ms
 Ô£ô src/tests/layouts/shells.test.tsx  (5 tests) 2028ms
 Ô£ô src/tests/services/borrowerService.mock.test.ts  (13 tests) 5604ms
 Ô£ô src/tests/payment-collection/PaymentEntryPanel.test.tsx  (3 tests) 2855ms
 Ô£ô src/tests/loan-management/CreateLoanWizard.test.tsx  (2 tests) 2143ms
 Ô£ô src/tests/payment-collection/PaymentEditSection.test.tsx  (2 tests) 1308ms
 Ô£ô src/tests/adjustments/adjustmentService.mock.test.ts  (4 tests) 3744ms
 Ô£ô src/tests/services/nf-02-notifications.test.ts  (4 tests) 1909ms
 Ô£ô src/tests/components/PhotoUpload.test.tsx  (5 tests) 512ms
 Ô£ô src/tests/admin-fee/AdminFeeRecordingPanel.test.tsx  (2 tests) 1993ms
 Ô£ô src/tests/reports/daily-collection-report.utils.test.ts  (3 tests) 17ms
 Ô£ô src/tests/auth/LoginForm.test.tsx  (3 tests) 1512ms
 Ô£ô src/tests/payment-collection/useRecordPaymentOrQueue.test.ts  (2 tests) 682ms
 Ô£ô src/tests/services/reconciliationService.mock.test.ts  (4 tests) 5379ms
 Ô£ô src/tests/services/mock/dashboard-demo.factory.test.ts  (5 tests) 231ms
 Ô£ô src/tests/services/overpaymentReviewService.mock.test.ts  (4 tests) 4683ms
 Ô£ô src/tests/borrower-registration/registration-conflicts.test.ts  (2 tests) 15ms
 Ô£ô src/tests/services/mock/collectors-demo.factory.test.ts  (7 tests) 343ms
 Ô£ô src/tests/borrower-management/BorrowerProfilePanel.test.tsx  (1 test) 1722ms
 Ô£ô src/tests/services/mock/groups-demo.factory.test.ts  (7 tests) 382ms
 Ô£ô src/tests/payment-collection/payment-entry.utils.test.ts  (5 tests) 12ms
 Ô£ô src/tests/components/Toast.test.tsx  (5 tests) 348ms
 Ô£ô src/tests/loan-management/BorrowerLoanDetailPanel.test.tsx  (1 test) 1036ms
 Ô£ô src/tests/borrower-registration/MyRegistrationsList.test.tsx  (3 tests) 1893ms
 Ô£ô src/tests/services/paymentService.mock.test.ts  (3 tests) 2494ms
 Ô£ô src/tests/utils/group-profile.test.ts  (1 test) 7ms
 Ô£ô src/tests/services/paymentService.entry.test.ts  (3 tests) 1564ms
 Ô£ô src/tests/services/borrower-escalation.sync.test.ts  (2 tests) 2188ms
 Ô£ô src/tests/auth/middleware.test.ts  (5 tests) 19ms
 Ô£ô src/tests/loan-management/loan-progress.utils.test.ts  (2 tests) 7ms
 Ô£ô src/tests/services/transactionService.mock.test.ts  (4 tests) 1856ms
 Ô£ô src/tests/payment-collection/CollectorDashboardPanel.test.tsx  (1 test) 1510ms
 Ô£ô src/tests/approval-workflow/PendingApplicationsQueue.test.tsx  (3 tests) 1904ms
 Ô£ô src/tests/components/DataTable.test.tsx  (3 tests) 528ms
 Ô£ô src/tests/offline-queue/sync.test.ts  (3 tests) 18ms
 Ô£ô src/tests/services/apiClient.test.ts  (4 tests) 50ms
 Ô£ô src/tests/utils/defaulter-escalation.test.ts  (6 tests) 13ms
 Ô£ô src/tests/payment-collection/paymentService.edit.test.ts  (2 tests) 37ms
 Ô£ô src/tests/super-admin-dashboard/SuperAdminDashboard.test.tsx  (1 test) 1059ms
 Ô£ô src/tests/offline-queue/offlineQueueStore.test.ts  (4 tests) 41ms
 Ô£ô src/tests/borrower-registration/registration.schema.test.ts  (4 tests) 16ms
 Ô£ô src/tests/super-admin-management/GroupProfilePanel.test.tsx  (1 test) 936ms
 Ô£ô src/tests/services/loanService.create.test.ts  (3 tests) 1259ms
 Ô£ô src/tests/payment-collection/collector-dashboard.utils.test.ts  (3 tests) 13ms
 Ô£ô src/tests/services/notificationService.mock.test.ts  (3 tests) 2180ms
 Ô£ô src/tests/loan-management/LoanPortfolioList.test.tsx  (2 tests) 1210ms
 Ô£ô src/tests/borrower-management/BorrowerList.test.tsx  (2 tests) 1179ms
 Ô£ô src/tests/app-lock/AppLockSetupPanel.test.tsx  (2 tests) 1350ms
 Ô£ô src/tests/reports/DailyCollectionReportPanel.test.tsx  (1 test) 940ms
 Ô£ô src/tests/super-admin-dashboard/dashboardService.mock.test.ts  (1 test) 520ms
 Ô£ô src/tests/services/auditService.mock.test.ts  (2 tests) 946ms
 Ô£ô src/tests/state/uiStore.test.ts  (4 tests) 10ms
 Ô£ô src/tests/loan-management/portfolio.utils.test.ts  (2 tests) 12ms
 Ô£ô src/tests/reports/ReportsIndexPanel.test.tsx  (1 test) 993ms
 Ô£ô src/tests/auth/authStore.test.ts  (4 tests) 11ms
 Ô£ô src/tests/state/appLockStore.test.ts  (3 tests) 14ms
 Ô£ô src/tests/reports/loan-portfolio-report.utils.test.ts  (1 test) 10ms
 Ô£ô src/tests/reports/LoanPortfolioReportPanel.test.tsx  (1 test) 1079ms
 Ô£ô src/tests/services/loanService.progress.test.ts  (3 tests) 972ms
 Ô£ô src/tests/services/collectorService.mock.test.ts  (2 tests) 2555ms
 Ô£ô src/tests/auth/session.test.ts  (4 tests) 14ms
 Ô£ô src/tests/lib/paymentSyncHandler.test.ts  (1 test) 12ms
 Ô£ô src/tests/utils/group-risk.test.ts  (4 tests) 9ms
 Ô£ô src/tests/components/MultiStepForm.test.tsx  (2 tests) 320ms
 Ô£ô src/tests/services/loanService.mock.test.ts  (2 tests) 1896ms
 Ô£ô src/tests/offline/OfflineInitOverlay.test.tsx  (2 tests) 90ms
 Ô£ô src/tests/utils/reconciliation-summary.test.ts  (4 tests) 10ms
 Ô£ô src/tests/reports/AuditLogReportPanel.test.tsx  (1 test) 674ms
 Ô£ô src/tests/providers/AppBootstrap.test.tsx  (2 tests) 100ms
 Ô£ô src/tests/utils/schedule-missed-marking.test.ts  (2 tests) 7ms
 Ô£ô src/tests/auth/AppLockHandler.test.tsx  (2 tests) 222ms
 Ô£ô src/tests/components/Drawer.test.tsx  (3 tests) 394ms
 Ô£ô src/tests/auth/LogoutButton.test.tsx  (1 test) 438ms
 Ô£ô src/tests/services/searchService.mock.test.ts  (3 tests) 1016ms
 Ô£ô src/tests/utils/mutation-feedback.test.ts  (2 tests) 9ms
 Ô£ô src/tests/lib/background-sync.test.ts  (3 tests) 9ms
 Ô£ô src/tests/design-tokens.test.ts  (3 tests) 14ms
 Ô£ô src/tests/components/Tabs.test.tsx  (2 tests) 365ms
 Ô£ô src/tests/reports/reportService.mock.test.ts  (2 tests) 1268ms
 Ô£ô src/tests/approval-workflow/ReviewedApplicationsPanel.test.tsx  (1 test) 302ms
 Ô£ô src/tests/components/Modal.test.tsx  (3 tests) 437ms
 Ô£ô src/tests/utils/shell-breadcrumbs.test.ts  (5 tests) 8ms
 Ô£ô src/tests/overpayment-review/OverpaymentReviewPanel.test.tsx  (1 test) 966ms
 Ô£ô src/tests/offline-queue/OfflineBanner.test.tsx  (3 tests) 248ms

<--- Last few GCs --->

[11672:00000115D01B5000]  1634528 ms: Mark-Compact (reduce) 2047.0 (2081.6) -> 2045.5 (2078.1) MB, pooled: 0 MB, 
20690.67 / 0.00 ms  (+ 154.5 ms in 0 steps since start of marking, biggest step 0.0 ms, walltime since start of 
marking 20992 ms) (average mu 

<--- JS stacktrace --->

FATAL ERROR: Ineffective mark-compacts near heap limit Allocation failed - JavaScript heap out of memory
----- Native stack trace -----

 1: 00007FF7996A20AD node::SetCppgcReference+17245
 2: 00007FF79960A4D8 v8::base::CPU::num_virtual_address_bits+92376
 3: 00007FF79A18A1B1 v8::Isolate::ReportExternalAllocationLimitReached+65
 4: 00007FF79A177096 v8::Function::Experimental_IsNopFunction+2790
 5: 00007FF799FC6920 v8::internal::StrongRootAllocatorBase::StrongRootAllocatorBase+31392
 6: 00007FF799FC0644 v8::internal::StrongRootAllocatorBase::StrongRootAllocatorBase+6084
 7: 00007FF799FBBCF5 v8::CpuProfileNode::GetScriptResourceNameStr+188069
 8: 00007FF7999413BD BIO_ssl_shutdown+189
 Ô£ô src/tests/components/PasswordField.test.tsx  (2 tests) 577ms
 Ô£ô src/tests/adjustments/AdjustmentsPanel.test.tsx  (1 test) 612ms
 Ô£ô src/tests/observability/logger.test.ts  (3 tests) 18ms
 Ô£ô src/tests/observability/errorTracking.test.ts  (1 test) 20ms
 Ô£ô src/tests/services/loanService.portfolio.test.ts  (1 test) 386ms
 Ô£ô src/tests/components/feedback.test.tsx  (3 tests) 367ms
 Ô£ô src/tests/loan-management/loan-schedule.test.ts  (2 tests) 15ms
 Ô£ô src/tests/state/loginPreferencesStore.test.ts  (2 tests) 7ms
 Ô£ô src/tests/components/LoanScheduleTable.test.tsx  (1 test) 250ms
 Ô£ô src/tests/super-admin-management/LoanPoolsPanel.test.tsx  (1 test) 1041ms
 Ô£ô src/tests/utils/photo-validation.test.ts  (4 tests) 15ms
 Ô£ô src/tests/auth/routes.test.ts  (3 tests) 12ms
 Ô£ô src/tests/components/DemoModeBanner.test.tsx  (3 tests) 240ms
 Ô£ô src/tests/app-lock/PinEntryPad.test.tsx  (2 tests) 1090ms
 Ô£ô src/tests/utils/group-detail.test.ts  (1 test) 58ms
 Ô£ô src/tests/observability/analytics.test.ts  (1 test) 100ms
 Ô£ô src/tests/borrower-management/borrower-list.utils.test.ts  (1 test) 26ms
 Ô£ô src/tests/auth/login.schema.test.ts  (3 tests) 122ms
 Ô£ô src/tests/components/StatusBadge.test.tsx  (4 tests) 220ms
 Ô£ô src/tests/components/Button.test.tsx  (3 tests) 1657ms
 Ô£ô src/tests/services/services-index.test.ts  (2 tests) 16ms
 Ô£ô src/tests/loan-management/loan.schema.test.ts  (2 tests) 21ms
 Ô£ô src/tests/layouts/ShellNavLink.test.tsx  (2 tests) 494ms
 Ô£ô src/tests/theme/themeStore.test.ts  (3 tests) 14ms
 Ô£ô src/tests/auth/authenticate.test.ts  (2 tests) 16ms
 Ô£ô src/tests/state/shellLayoutStore.test.ts  (2 tests) 15ms
 Ô£ô src/tests/utils/format-alert-timestamp.test.ts  (2 tests) 104ms
 Ô£ô src/tests/utils/payment-same-day.test.ts  (2 tests) 10ms
 Ô£ô src/tests/auth/redirect.test.ts  (3 tests) 12ms
 Ô£ô src/tests/utils/export-csv.test.ts  (2 tests) 11ms
 Ô£ô src/tests/utils/collector-rate-display.test.ts  (3 tests) 11ms
 Ô£ô src/tests/utils/levenshtein.test.ts  (4 tests) 13ms
 Ô£ô src/tests/auth/SessionExpiredPage.test.tsx  (1 test) 429ms
 Ô£ô src/tests/utils/shell-page-title.test.ts  (4 tests) 10ms
 Ô£ô src/tests/layouts/shell-nav-link.utils.test.ts  (3 tests) 15ms
 Ô£ô src/tests/auth/session-expiry.test.ts  (3 tests) 10ms
 Ô£ô src/tests/components/Input.test.tsx  (2 tests) 180ms
 Ô£ô src/tests/lib/pin-hash.test.ts  (2 tests) 9ms
 Ô£ô src/tests/app-lock/app-lock.schema.test.ts  (2 tests) 17ms
 Ô£ô src/tests/components/Pagination.test.tsx  (1 test) 285ms
 Ô£ô src/tests/components/WilmsSplashScreen.test.tsx  (1 test) 82ms
 Ô£ô src/tests/loan-management/loan.utils.test.ts  (2 tests) 6ms
 Ô£ô src/tests/components/Badge.test.tsx  (2 tests) 87ms
 Ô£ô src/tests/utils/reconciliation.schema.test.ts  (2 tests) 11ms
 Ô£ô src/tests/approval-workflow/approval.schema.test.ts  (2 tests) 9ms
 Ô£ô src/tests/auth/unauthorized-handler.test.ts  (1 test) 9ms
 Ô£ô src/tests/components/Tooltip.test.tsx  (1 test) 203ms
 Ô£ô src/tests/components/CurrencyAmount.test.tsx  (1 test) 123ms
 Ô£ô src/tests/components/Switch.test.tsx  (1 test) 60ms
 Ô£ô src/tests/components/Radio.test.tsx  (1 test) 79ms

ÔÄ»ÔÄ»ÔÄ»ÔÄ»ÔÄ»ÔÄ» Unhandled Errors ÔÄ»ÔÄ»ÔÄ»ÔÄ»ÔÄ»ÔÄ»

Vitest caught 1 unhandled error during the test run.
This might cause false positive tests. Resolve unhandled errors to make sure your tests are not affected.

ÔÄ»ÔÄ»ÔÄ»ÔÄ»ÔÄ»ÔÄ» Unhandled Error ÔÄ»ÔÄ»ÔÄ»ÔÄ»ÔÄ»ÔÄ»ÔÄ»
Error: Worker exited unexpectedly
 ÔØ» ChildProcess.onUnexpectedExit node_modules/tinypool/dist/index.js:118:30
 ÔØ» ChildProcess.emit node:events:530:35
 ÔØ» ChildProcess._handle.onexit node:internal/child_process:293:12

ÔÄ»ÔÄ»ÔÄ»ÔÄ»ÔÄ»ÔÄ»ÔÄ»ÔÄ»ÔÄ»ÔÄ»ÔÄ»ÔÄ»ÔÄ»ÔÄ»ÔÄ»ÔÄ»ÔÄ»ÔÄ»ÔÄ»ÔÄ»ÔÄ»ÔÄ»ÔÄ»ÔÄ»ÔÄ»ÔÄ»ÔÄ»ÔÄ»ÔÄ»ÔÄ»

 Test Files  136 passed (137)
      Tests  363 passed (364)
     Errors  1 error
   Start at  03:32:33
   Duration  19004.01s (transform 28.46s, setup 159.96s, collect 93.53s, tests 94.80s, environment 16912.45s, prepare 51.19s)

