
> wilms@0.1.0 test
> node --max-old-space-size=8192 ./node_modules/vitest/vitest.mjs run

node.exe : [33mThe CJS build of Vite's Node API is deprecated. See 
https://vite.dev/guide/troubleshooting.html#vite-cjs-node-api-deprecated for more details.[39m
At C:\Program Files\nodejs\npm.ps1:29 char:3
+   & $NODE_EXE $NPM_CLI_JS $args
+   ~~~~~~~~~~~~~~~~~~~~~~~~~~~~~
    + CategoryInfo          : NotSpecified: ([33mThe CJS bu...e details.[39m:String) [], RemoteException
    + FullyQualifiedErrorId : NativeCommandError
 

 RUN  v2.1.2 C:/Users/eddie/Downloads/WILMS

 Ô£ô src/tests/super-admin-dashboard/dashboard-summary.utils.test.ts  (6 tests) 255ms
stderr | src/tests/features/export/wilms-export.test.ts > printWilmsDocument > returns a result object and never throws
Error: Not implemented: window.focus
    at module.exports (C:\Users\eddie\Downloads\WILMS\node_modules\jsdom\lib\jsdom\browser\not-implemented.js:9:17)
    at C:\Users\eddie\Downloads\WILMS\node_modules\jsdom\lib\jsdom\browser\Window.js:960:7
    at invokePrint (C:\Users\eddie\Downloads\WILMS\src\features\export\engines\print-engine.ts:364:17)
    at Timeout.runPrint [as _onTimeout] 
(C:\Users\eddie\Downloads\WILMS\src\features\export\engines\print-engine.ts:387:35)
    at listOnTimeout (node:internal/timers:594:17)
    at processTimers (node:internal/timers:529:7) undefined
Error: Not implemented: window.print
    at module.exports (C:\Users\eddie\Downloads\WILMS\node_modules\jsdom\lib\jsdom\browser\not-implemented.js:9:17)
    at C:\Users\eddie\Downloads\WILMS\node_modules\jsdom\lib\jsdom\browser\Window.js:960:7
    at invokePrint (C:\Users\eddie\Downloads\WILMS\src\features\export\engines\print-engine.ts:365:17)
    at Timeout.runPrint [as _onTimeout] 
(C:\Users\eddie\Downloads\WILMS\src\features\export\engines\print-engine.ts:387:35)
    at listOnTimeout (node:internal/timers:594:17)
    at processTimers (node:internal/timers:529:7) undefined

 Ô£ô src/tests/features/export/wilms-export.test.ts  (8 tests) 1947ms
 Ô£ô src/tests/approval-workflow/PendingApplicationReview.test.tsx  (4 tests) 4703ms
 Ô£ô src/tests/layouts/shells.test.tsx  (5 tests) 1951ms
 Ô£ô src/tests/services/borrowerService.mock.test.ts  (13 tests) 5575ms
 Ô£ô src/tests/payment-collection/PaymentEntryPanel.test.tsx  (3 tests) 2684ms
 Ô£ô src/tests/loan-management/CreateLoanWizard.test.tsx  (2 tests) 2874ms
 Ô£ô src/tests/payment-collection/PaymentEditSection.test.tsx  (2 tests) 1555ms
 Ô£ô src/tests/adjustments/adjustmentService.mock.test.ts  (4 tests) 3731ms
 Ô£ô src/tests/services/nf-02-notifications.test.ts  (4 tests) 1914ms
 Ô£ô src/tests/components/PhotoUpload.test.tsx  (5 tests) 710ms
 Ô£ô src/tests/admin-fee/AdminFeeRecordingPanel.test.tsx  (2 tests) 1923ms
 Ô£ô src/tests/reports/daily-collection-report.utils.test.ts  (3 tests) 21ms
 Ô£ô src/tests/auth/LoginForm.test.tsx  (3 tests) 1678ms
 Ô£ô src/tests/services/reconciliationService.mock.test.ts  (4 tests) 128ms
 Ô£ô src/tests/payment-collection/useRecordPaymentOrQueue.test.ts  (2 tests) 687ms
 Ô£ô src/tests/services/mock/dashboard-demo.factory.test.ts  (5 tests) 485ms
 Ô£ô src/tests/services/overpaymentReviewService.mock.test.ts  (4 tests) 4628ms
 Ô£ô src/tests/borrower-registration/registration-conflicts.test.ts  (2 tests) 13ms
 Ô£ô src/tests/services/mock/collectors-demo.factory.test.ts  (7 tests) 337ms
 Ô£ô src/tests/borrower-management/BorrowerProfilePanel.test.tsx  (1 test) 1449ms
 Ô£ô src/tests/services/mock/groups-demo.factory.test.ts  (7 tests) 380ms
 Ô£ô src/tests/payment-collection/payment-entry.utils.test.ts  (5 tests) 17ms
 Ô£ô src/tests/components/Toast.test.tsx  (5 tests) 400ms
 Ô£ô src/tests/loan-management/BorrowerLoanDetailPanel.test.tsx  (1 test) 1215ms
 Ô£ô src/tests/borrower-registration/MyRegistrationsList.test.tsx  (3 tests) 1874ms
 Ô£ô src/tests/services/paymentService.mock.test.ts  (3 tests) 2511ms
 Ô£ô src/tests/utils/group-profile.test.ts  (1 test) 13ms
 Ô£ô src/tests/services/paymentService.entry.test.ts  (3 tests) 1579ms
 Ô£ô src/tests/services/borrower-escalation.sync.test.ts  (2 tests) 2168ms
 Ô£ô src/tests/auth/middleware.test.ts  (5 tests) 18ms
 Ô£ô src/tests/loan-management/loan-progress.utils.test.ts  (2 tests) 17ms
 Ô£ô src/tests/services/transactionService.mock.test.ts  (4 tests) 1888ms
 Ô£ô src/tests/payment-collection/CollectorDashboardPanel.test.tsx  (1 test) 1891ms
 Ô£ô src/tests/approval-workflow/PendingApplicationsQueue.test.tsx  (3 tests) 1849ms
 Ô£ô src/tests/components/DataTable.test.tsx  (3 tests) 324ms
 Ô£ô src/tests/offline-queue/sync.test.ts  (3 tests) 30ms
 Ô£ô src/tests/services/apiClient.test.ts  (4 tests) 50ms
 Ô£ô src/tests/utils/defaulter-escalation.test.ts  (6 tests) 12ms
 Ô£ô src/tests/payment-collection/paymentService.edit.test.ts  (2 tests) 30ms
 Ô£ô src/tests/super-admin-dashboard/SuperAdminDashboard.test.tsx  (1 test) 1726ms
 Ô£ô src/tests/offline-queue/offlineQueueStore.test.ts  (4 tests) 77ms
 Ô£ô src/tests/borrower-registration/registration.schema.test.ts  (4 tests) 31ms
 Ô£ô src/tests/super-admin-management/GroupProfilePanel.test.tsx  (1 test) 2430ms
 Ô£ô src/tests/services/loanService.create.test.ts  (3 tests) 1266ms
 Ô£ô src/tests/payment-collection/collector-dashboard.utils.test.ts  (3 tests) 10ms
 Ô£ô src/tests/services/notificationService.mock.test.ts  (3 tests) 2151ms
 Ô£ô src/tests/reports/ReportsIndexPanel.test.tsx  (1 test) 1780ms
 Ô£ô src/tests/loan-management/LoanPortfolioList.test.tsx  (2 tests) 1492ms
 Ô£ô src/tests/borrower-management/BorrowerList.test.tsx  (2 tests) 1465ms
 Ô£ô src/tests/app-lock/AppLockSetupPanel.test.tsx  (2 tests) 1610ms
 Ô£ô src/tests/reports/DailyCollectionReportPanel.test.tsx  (1 test) 1160ms
 Ô£ô src/tests/super-admin-dashboard/dashboardService.mock.test.ts  (1 test) 528ms
 Ô£ô src/tests/reports/ReportsIndexPanel.responsive.test.tsx  (1 test) 890ms
 Ô£ô src/tests/services/auditService.mock.test.ts  (2 tests) 989ms
 Ô£ô src/tests/state/uiStore.test.ts  (4 tests) 17ms
 Ô£ô src/tests/loan-management/portfolio.utils.test.ts  (2 tests) 11ms
 Ô£ô src/tests/auth/authStore.test.ts  (4 tests) 42ms
 Ô£ô src/tests/state/appLockStore.test.ts  (3 tests) 16ms
 Ô£ô src/tests/reports/loan-portfolio-report.utils.test.ts  (1 test) 26ms
 Ô£ô src/tests/reports/LoanPortfolioReportPanel.test.tsx  (1 test) 1496ms
 Ô£ô src/tests/services/loanService.progress.test.ts  (3 tests) 1025ms
 Ô£ô src/tests/services/collectorService.mock.test.ts  (2 tests) 2550ms
 Ô£ô src/tests/auth/session.test.ts  (4 tests) 19ms
 Ô£ô src/tests/lib/paymentSyncHandler.test.ts  (1 test) 13ms
 Ô£ô src/tests/utils/group-risk.test.ts  (4 tests) 11ms
 Ô£ô src/tests/components/MultiStepForm.test.tsx  (2 tests) 588ms
 Ô£ô src/tests/services/loanService.mock.test.ts  (2 tests) 2051ms
 Ô£ô src/tests/offline/OfflineInitOverlay.test.tsx  (2 tests) 116ms
 Ô£ô src/tests/utils/reconciliation-summary.test.ts  (4 tests) 13ms
 Ô£ô src/tests/reports/AuditLogReportPanel.test.tsx  (1 test) 734ms
 Ô£ô src/tests/providers/AppBootstrap.test.tsx  (2 tests) 102ms
 Ô£ô src/tests/utils/schedule-missed-marking.test.ts  (2 tests) 14ms
 Ô£ô src/tests/auth/AppLockHandler.test.tsx  (2 tests) 195ms
 Ô£ô src/tests/components/Drawer.test.tsx  (3 tests) 415ms
 Ô£ô src/tests/auth/LogoutButton.test.tsx  (1 test) 295ms
 Ô£ô src/tests/services/searchService.mock.test.ts  (3 tests) 987ms
 Ô£ô src/tests/utils/mutation-feedback.test.ts  (2 tests) 8ms
 Ô£ô src/tests/lib/background-sync.test.ts  (3 tests) 14ms
 Ô£ô src/tests/design-tokens.test.ts  (3 tests) 15ms
 Ô£ô src/tests/services/mock/settings-users.store.test.ts  (2 tests) 26ms
 Ô£ô src/tests/components/Tabs.test.tsx  (2 tests) 426ms
 Ô£ô src/tests/reports/reportService.mock.test.ts  (2 tests) 1451ms
 Ô£ô src/tests/approval-workflow/ReviewedApplicationsPanel.test.tsx  (1 test) 330ms
 Ô£ô src/tests/components/Modal.test.tsx  (3 tests) 336ms
 Ô£ô src/tests/utils/shell-breadcrumbs.test.ts  (5 tests) 18ms
 Ô£ô src/tests/overpayment-review/OverpaymentReviewPanel.test.tsx  (1 test) 706ms
 Ô£ô src/tests/offline-queue/OfflineBanner.test.tsx  (3 tests) 177ms
